// Jest Snapshot v1, https://goo.gl/fbAQLP

exports[`renders without crashing 1`] = `<styled.h3 />`;

exports[`renders without crashing 2`] = `
<styled.h3>
  Title
</styled.h3>
`;
