// Jest Snapshot v1, https://goo.gl/fbAQLP

exports[`renders without crashing 1`] = `
<BannerSection>
  <BannerTitle>
    Spending Budgets
  </BannerTitle>
</BannerSection>
`;
